
GIT     【代码管理工具】
和
GitHub  【使用git进行代码管理的网站】

* 什么是GIT
  GIT是一个开源的分布式版本控制系统，用于高效的管理各种大小项目和文件。

* 代码管理工具的用途
  * 防止代码丢失，做备份
  * 项目的版本管理和控制，可以通过设置节点进行跳转
  * 建立各自的开发环境分支，互不影响，方便合并
  * 在多终端开发时，方便代码的相互传输

* GIT的特点
  * git是开源的，多在*nix下使用，可以管理各种文件
  * git是分布式的项目管理工具(SVN是集中式的)
  * git数据管理更多样化，分享速度快，数据安全
  * git 拥有更好的分支支持，方便多人协调






* Ubuntu下GIT安装
> sudo apt  install  git



### 2.2 GIT使用
* 基本概念
  * 工作区：项目所在linux的目录，实际操作项目的区域
  * 暂存区: 用于记录工作区的工作（修改）内容       【类似日志的感觉】
  * 仓库区: 用于备份工作区的内容                 【备份工作区的内容】 【上面这三个区，都在本地操作系统上】
           > 注意： 在本地仓库中，git总是希望工作区的内容与仓库区保持一致，而且只有仓库区的内容才能和其他远程仓库交互。
  * 远程仓库: 远程主机上的GIT仓库





#### 2.2.1 初始配置

* 配置命令： git config --global [选项]
* 配置文件位置:  ~/.gitconfig

1. 配置用户名
e.g. 将用户名设置为Tedu
sudo git config --global user.name hanlu.cao


2. 配置用户邮箱
e.g. 将邮箱设置为lvze@tedu.cn
git config --global user.email 1033473839@qq.com


3. 查看配置信息
git config --list

root@caohanlu:~/PycharmProjects/pythonProject/阶段02# git config --list
    user.name=hanlu.cao
    user.email=1033473839@qq.com
或
root@caohanlu:~# cat /root/.gitconfig
[user]
	name = hanlu.cao
	email = 1033473839@qq.com







#### 2.2.2 基本命令

* 初始化仓库
  git  init 
  意义：将某个项目目录变为git操作目录【即所有python文件或目录都写在这个目录下，假设这个目录下已经有python文件了，也没关系】，生成git本地仓库。
       即该项目目录可以使用git管理

    root@caohanlu:~/PycharmProjects/pythonProject# git  init
        Initialized empty Git repository in /root/PycharmProjects/pythonProject/.git/

    初始化后，下面所有的命令，都必须要在git操作目录/root/PycharmProjects/pythonProject下执行

    如果不想使用git了，则把git操作目录下的.git/删掉就行
    root@caohanlu:~/PycharmProjects/pythonProject# ll
    drwxr-xr-x  7 root root 4096 Sep 22 16:58 .git/



* 设置忽略文件
  即在操作目录下touch .gitignore，创建隐藏文件，
  并把不希望记录到暂存区的文件、目录，写到.gitignore 文件里，
  然后git add  .gitignore 添加隐藏文件

  在GIT项目中可以在项目根目录添加.gitignore文件的方式，规定相应的忽略规则，用来管理当前项目中的文件的忽略行为。
  .gitignore 文件是可以提交到公有仓库中，这就为该项目下的所有开发者都共享一套定义好的忽略规则。
  在.gitignore 文件中，遵循相应的语法，在每一行指定一个忽略规则。

  .gitignore忽略规则简单说明
  file            表示忽略文件名为file的文件
  *.a             表示忽略所有 .a 结尾的文件
  !lib.a          表示但lib.a除外
  build/          表示忽略 build/目录下的所有文件，过滤整个build文件夹；



* 查看本地仓库状态
  git  status
  说明: 初始化仓库后默认工作在master分支，
        当工作区与仓库区不一致时会有提示，需要进行下面的git add


  

* 将工作内容记录到暂存区
  git add [files..]
  
  将文件 a ，b 记录到暂存区
  git add  a b
  
  将所有文件（不包含隐藏文件）记录到暂存区
  git add  *
    root@caohanlu:~/PycharmProjects/pythonProject# git add  *
    root@caohanlu:~/PycharmProjects/pythonProject# git add  .gitignore      添加隐藏文件

   【add后如果再次修改文件，则git  status会有问题，需要重新add被修改的文件】



* 取消文件暂存记录
  git rm --cached [file] 




  

* 将文件同步到本地仓库
git commit [file] -m [message]
说明: -m表示添加一些同步信息【注释信息】，表达同步内容,
    不加file文件名表示同步所有暂存记录的文件

e.g.  将暂存区所有记录同步到仓库区
git commit  -m 'add files注释信息'

root@caohanlu:~/PycharmProjects/pythonProject# git commit  -m 'add files'
root@caohanlu:~/PycharmProjects/pythonProject# git status  如果工作区跟仓库区完全一致，则如下 提示，否则需要重新add、commit文件
    On branch master
    nothing to commit, working tree clean
    root@caohanlu:~/PycharmProjects/pythonProject#




* 查看commit 日志记录
  git log
  git log --pretty=oneline

    root@caohanlu:~/PycharmProjects/pythonProject# git log
    commit 2bf5fee563660b36f6f24611473de82aac84fb68 (HEAD -> master)
    Author: hanlu.cao <1033473839@qq.com>
    Date:   Wed Sep 22 18:17:53 2021 +0800

        add files注释

    commit b1a3c7fb75accd1cf39942d7ea23b421e548f100
    Author: hanlu.cao <1033473839@qq.com>
    Date:   Wed Sep 22 18:12:41 2021 +0800

        add files


  

* 将暂存区、或者某个commit点文件，恢复到工作区
  git checkout [commit] -- [file]
  
  将a.jpg文件恢复,不写commit表示恢复最新保存的文件内容【将误删、或者被修改的文件，从暂存区找回来】
  git checkout  --  a.jpg


  

* 移动或者删除文件
  git  mv  [file] [path]
  git  rm  [files]
  注意: 这两个操作会修改工作区内容，
      同时将操作记录提交到暂存区【git status可以看到操作内容】，
      然后直接git commit提交到本地仓库就行


  








### 2.3 版本控制

* 退回到上一个commit节点
  git reset --hard HEAD^
  说明： 一个^表示回退1个版本，依次类推。
        当版本回退之后，工作区会自动和会退后的commit版本保持一致


* 退回到指定的commit_id节点【即指定日志中的版本号的前7位】
  git reset --hard [commit_id]

root@caohanlu:~/PycharmProjects/pythonProject# git log --pretty=oneline
    b1a3c7fb75accd1cf39942d7ea23b421e548f100 add files
root@caohanlu:~/PycharmProjects/pythonProject# git reset --hard b1a3c7f
  



* 查看所有操作记录【包括上面的reset记录】
  git reflog
  注意:最上面的为最新记录，可以利用commit_id去往任何操作位置

  git reflog查看操作记录，
  然后通过操作记录的commit_id，使用git reset --hard [commit_id]去往任何位置
  root@caohanlu:~/PycharmProjects/pythonProject# git reflog
    6fcb173 (HEAD -> master) HEAD@{0}: commit: add files注释
    2bf5fee HEAD@{1}: commit: add files注释
    b1a3c7f HEAD@{2}: commit: add files
  root@caohanlu:~/PycharmProjects/pythonProject# git reset --hard b1a3c7f



  


* 创建标签

  * 标签: 在项目的重要commit位置添加快照，保存当时的工作状态，一般用于版本的迭代。
    git  tag  [tag_name] [commit_id] -m  [message]
    说明: commit_id可以不写则默认标签表示最新的commit_id位置，message也可以不写，但是最好添加。
    
    e.g. 在最新的commit处添加标签v1.0
    git tag v1.0 -m '版本1'






* 查看标签

```
 git tag  查看标签列表
 git show [tag_name]  查看标签详细信息
```

* 去往某个标签节点

```
git reset --hard [tag]
```

* 删除标签

```
git tag -d  [tag]
```



###  2.4 保存工作区

* 保存工作区内容

  ```
  git stash save [message]
  说明: 将工作区未提交的修改封存，让工作区回到修改前的状态
  ```

* 查看工作区列表

  ```
  git stash  list
  说明:最新保存的工作区在最上面
  ```

* 应用某个工作区

  ```
  git stash  apply  [stash@{n}]
  ```

* 删除工作区

  ```
  git stash drop [stash@{n}]  删除某一个工作区
  git stash clear  删除所有保存的工作区
  ```



### 2.5 分支管理

#### 2.5.1 基本概念

* 定义: 分支即每个人在原有代码（分支）的基础上建立自己的工作环境，完成单独开发，之后再向主分支统一合并工作内容。

* 好处

  * 各自开发互不干扰

  * 防止误操作对其他开发者的影响

    ![](./img/fz.jpg)

#### 2.5.2 基本操作

* 查看现有分支

  ```
  git branch
  说明: 前面带 * 的分支表示当前工作分支
  ```

  

* 创建分支

  ```
  git branch [branch_name]
  说明: 基于a分支创建b分支，此时b分支会拥有a分支全部内容。在创建b分支时最好保持a分支"干净"状态。
  ```

* 切换工作分支

  ```
  git checkout [branch]
  说明: 2,3可以同时操作，即创建并切换分支
  ```

  >  注意： git checkout -b [branch_name]  可以同时完成创建分支和切换分支的工作

* 合并分支

  ```
  git merge [branch]
  ```

  > 注意：分支的合并一般都是子分支向父分支中合并

* 删除分支

  ```
   git branch -d [branch]  删除分支
   git branch -D [branch]  删除没有被合并的分支
  ```

  ![分支合并](./img/merge.png)

#### 2.5.3 分支冲突问题

* 定义： 当分支合并时，原来的父分支发生了变化，在合并过程中就会产生冲突问题，这是合并分支过程中最为棘手的问题。

* 冲突情形1—— 原来的分支增加了新文件或者原有文件发生了变化

  此时合并可能会出现:

  ![](./img/merge1.png)

  此时只要先摁 **ctrl-o** 写入，然后回车，再摁**ctrl-x** 离开就可以了。

  也可能出现提示让直行commit合并，那么此时只需要直行commit操作就可以了。这种冲突比较好解决。

  

* 冲突情形2—— 子分支和父分支修改了相同的文件

  此时会出现：

  ![](./img/merge2.png)

  这种冲突不太好解决需要自己进入文件进行修改后，再直行add ，commit操作提交

* 总结

  * 尽量在项目中降低耦合度，不同的分支只编写自己的模块。
  * 如果必须修改原来父级分支的文件内容，那么做好分工，不要让多个分支都修改同一个文件。

### 2.6 GitHub使用

* 远程仓库

  远程主机上的GIT仓库。实际上git是分布式结构，每台主机的git仓库结构类似，只是把别人主机上的git仓库称为远程仓库。GitHub可以帮助我们建立一个远程仓库。

* GitHub介绍

  GitHub是一个开源的项目社区网站，拥有全球最多的开源项目。开发者通过可以注册网站账户，在GitHub建立自己的项目仓库（我们可以视作一个远程仓库）,GitHub规定GIT为它的唯一代码管理工具。

  GitHub网址：[github.com](https://github.com/)



#### 2.6.1 获取项目

- 在左上角搜索栏搜索想要的获取的项目

![](./img/1.png)

- 选择项目后复制项目git地址

![](E:/%E6%95%99%E5%AD%A6%E5%A4%87%E8%AF%BE/%E7%AC%AC%E4%BA%8C%E9%98%B6%E6%AE%B5%E8%AF%BE%E7%A8%8Bv5.0/%E8%AF%BE%E7%A8%8B%E4%B8%8B%E5%8F%91/%E7%BB%BC%E5%90%88%E9%A1%B9%E7%9B%AE/img/2.png)

- 在本地使用git clone方法即可获取

```
git clone https://github.com/xxxxxxxxx
```

> 注意:
>
> 1. 获取到本地的项目会自动和GitHub远程仓库建立连接。且获取的项目本身也是个git项目。
> 2. GitHub提供两种地址链接方式，http方式和SSH方式。通常访问自己的项目可以使用SSH方式，clone别人的项目使用http方式。  



#### 2.6.2 创建自己的项目仓库

- 点击右上角加号下拉菜单，选择新的仓库

![](./img/4.png)

- 填写相应的项目信息即可

  ![](./img/0.png)

- github仓库相对本地主机就是一个远程仓库通过remote连接

  ![](./img/7.png)

  - 使用https链接

    ```
    # 后续操作每次上传内容都需要输入密码，比较麻烦，一般用于临时计算机的连接使用
    git remote  add origin https://github.com/xxxxxxxxx
    ```

  - 使用SSH连接

    ```
    # 先建立秘钥信任
    1. 将自己要连接github的计算机的ssh公钥内容复制
    2. github上选择头像下拉菜单，settings-》SSH and GPG keys-》new SSH key
    ```

  3. 将公钥内容添加进去，并且起一个标题名字，点击添加

    ![](./img/8.png)

    ![](./img/9.png)

    ```
   #后续无需输入密码，一般用于自己信任的计算机
    git remote add origin git@github.com:lvze0321/AID.git 
    ```

- 查看连接的远程仓库名称

  ```
  git remote
  ```

  

- 断开远程仓库连接

  ```
  git remote rm [origin]
  ```

  

- 如果是自己的仓库需要删除，则选择自己的仓库选择settings，在最后可以选择删除仓库。

![](./img/5.jpg)
![](./img/6.jpg)



#### 2.6.3 远程仓库操作命令

* 将本地分支推送给远程仓库

  ```
  # 将master分支推送给origin主机远程仓库，第一次推送分支使用-u表示与远程对应分支	建立自动关联
  git push -u origin  master
  
  git push origin  [:branch]  # 删除向远程仓库推送的分支
  ```

* 推送代码到远程仓库

  ```
  # 如果本地的代码有修改项推送给远程仓库
  git push
  ```

* 推送标签

  ```
  git push origin [tag]  推送一个本地标签到远程
   
  git push origin --tags  推送所有本地所有标签到远程
  
  git push origin --delete tag  [tagname]  删除向远程仓库推送的标签
  ```

  

* 推送旧的版本

  ```
  # 用于本地版本比远程版本旧时强行推送本地版本
  git push --force origin  
  ```



* 从远程获取代码

  ```
  git pull
  ```



## 3. 综合项目案例



### 3.1 在线词典

* 功能说明

>用户可以登录和注册

```
* 登录凭借用户名和密码登录
* 注册要求用户必须填写用户名，密码，其他内容自定
* 用户名要求不能重复
* 要求用户信息能够长期保存
```



>可以通过基本的图形界面print以提示客户端输入。

```
* 程序分为服务端和客户端两部分
* 客户端通过print打印简单界面输入命令发起请求
* 服务端主要负责逻辑数据处理
* 启动服务端后应该能满足多个客户端同时操作
```



>客户端启动后即进入一级界面，包含如下功能：登录    注册    退出

	* 退出后即退出该软件
	* 登录成功即进入二级界面，失败回到一级界面
	* 注册成功可以回到一级界面继续登录，也可以直接用注册用户进入二级界面



>用户登录后进入二级界面，功能如下：查单词    历史记录    注销

	* 选择注销则回到一级界面
	* 查单词：循环输入单词，得到单词解释，输入特殊符号退出单词查询状态
	* 历史记录：查询当前用户的查词记录，要求记录包含name   word   time。前10条均可。


